>>> print_square = __import__('4-print_square').print_square

# Basic squares
>>> print_square(2)
##
##

>>> print_square(4)
####
####
####
####

# size = 0 (prints just a newline)
>>> print_square(0)

# size negative
>>> print_square(-1)
Traceback (most recent call last):
  ...
ValueError: size must be >= 0

# size not an integer (float)
>>> print_square(3.5)
Traceback (most recent call last):
  ...
TypeError: size must be an integer

# size not an integer (string)
>>> print_square("2")
Traceback (most recent call last):
  ...
TypeError: size must be an integer
